GNU gdb (GDB) Red Hat Enterprise Linux 7.6.1-110.el7
Copyright (C) 2013 Free Software Foundation, Inc.
License GPLv3+: GNU GPL version 3 or later <http://gnu.org/licenses/gpl.html>
This is free software: you are free to change and redistribute it.
There is NO WARRANTY, to the extent permitted by law.  Type "show copying"
and "show warranty" for details.
This GDB was configured as "x86_64-redhat-linux-gnu".
For bug reporting instructions, please see:
<http://www.gnu.org/software/gdb/bugs/>...
Reading symbols from /nfs/stak/users/shabazzm/class362/assign5/unittest3...done.
(gdb) break 57
Breakpoint 1 at 0x40111e: file unittest3.c, line 57.
(gdb) set logging on
Copying output to gdb.txt.
(gdb) set logging file baronSupplyError.txt
(gdb) run
Starting program: /nfs/stak/users/shabazzm/class362/assign5/unittest3
warning: the debug information found in "/usr/lib/debug//lib64/ld-2.17.so.debug"                                              does not match "/lib64/ld-linux-x86-64.so.2" (CRC mismatch).

warning: the debug information found in "/usr/lib/debug/usr/lib64/ld-2.17.so.deb                                             ug" does not match "/lib64/ld-linux-x86-64.so.2" (CRC mismatch).

warning: the debug information found in "/usr/lib/debug//usr/lib64/ld-2.17.so.de                                             bug" does not match "/lib64/ld-linux-x86-64.so.2" (CRC mismatch).

warning: the debug information found in "/usr/lib/debug/usr/lib64//ld-2.17.so.de                                             bug" does not match "/lib64/ld-linux-x86-64.so.2" (CRC mismatch).

warning: the debug information found in "/usr/lib/debug//lib64/libm-2.17.so.debu                                             g" does not match "/lib64/libm.so.6" (CRC mismatch).

warning: the debug information found in "/usr/lib/debug/usr/lib64/libm-2.17.so.d                                             ebug" does not match "/lib64/libm.so.6" (CRC mismatch).

warning: the debug information found in "/usr/lib/debug//usr/lib64/libm-2.17.so.                                             debug" does not match "/lib64/libm.so.6" (CRC mismatch).

warning: the debug information found in "/usr/lib/debug/usr/lib64//libm-2.17.so.                                             debug" does not match "/lib64/libm.so.6" (CRC mismatch).

warning: the debug information found in "/usr/lib/debug//lib64/libc-2.17.so.debu                                             g" does not match "/lib64/libc.so.6" (CRC mismatch).

warning: the debug information found in "/usr/lib/debug/usr/lib64/libc-2.17.so.d                                             ebug" does not match "/lib64/libc.so.6" (CRC mismatch).

warning: the debug information found in "/usr/lib/debug//usr/lib64/libc-2.17.so.                                             debug" does not match "/lib64/libc.so.6" (CRC mismatch).

warning: the debug information found in "/usr/lib/debug/usr/lib64//libc-2.17.so.                                             debug" does not match "/lib64/libc.so.6" (CRC mismatch).

TESTING Card Test 3: BARON:


Breakpoint 1, main () at unittest3.c:60
60          int numberOfBuysBefore=G.numBuys;
Missing separate debuginfos, use: debuginfo-install glibc-2.17-292.el7.x86_64
(gdb) s
61          int coinsBeforeBaron=testG.coins;
(gdb) s
62          printf("Number of buys before playing baron is %d\n",numberOfBuysBef                                             ore);
(gdb) s
Number of buys before playing baron is 1
63          int choice1=1;
(gdb) set choice1=0
(gdb) p choice1
$1 = 0
(gdb) s
64          baronEffect(&testG,choice1,currentPlayer);
(gdb) p. testG.supplyCount[estate]
A syntax error in expression, near `. testG.supplyCount[estate]'.
(gdb) p testG.supplyCount[estate]
$2 = 8
(gdb) s
baronEffect (state=0x7fffffff11d0, choice1=1, currentPlayer=0)
    at dominion.c:755
755         addBuys(state, 1);//Increase buys by 1!
(gdb) s
addBuys (state=0x7fffffff11d0, toAdd=1) at dominion.c:689
689         state->numBuys += toAdd;
(gdb) s
690     }
(gdb) s
baronEffect (state=0x7fffffff11d0, choice1=1, currentPlayer=0)
    at dominion.c:757
757         if (choice1 > 0) { //Boolean true or going to discard an estate
(gdb) s
758                int p = 0;//Iterator for hand!
(gdb) s
759                int card_not_discarded = 1;//Flag for discard set!
(gdb) p choice1
$3 = 1
(gdb) set choice1=0
(gdb) s
760                while(card_not_discarded) {
(gdb) s
761                     if (state->hand[currentPlayer][p] == estate) { //Found a                                             n estate card!
(gdb) set card_not_discarded=0;
Invalid character ';' in expression.
(gdb) set card_not_discared=0
No symbol "card_not_discared" in current context.
(gdb) set card_not_discarded
warning: Expression is not an assignment (and might have no effect)
(gdb) set card_not_discarded=0
(gdb) p card_not_discarded
$4 = 0
(gdb) s
762                         state->coins += 4;//Add 4 coins to the amount of coi                                             ns
(gdb) s
763                         state->discard[currentPlayer][state->discardCount[cu                                             rrentPlayer]] = state->hand[currentPlayer][p];
(gdb) ss
Undefined command: "ss".  Try "help".
(gdb) s
764                         state->discardCount[currentPlayer]++;
(gdb) s
765                         for (; p < state->handCount[currentPlayer]; p++) {
(gdb) s
766                             state->hand[currentPlayer][p] = state->hand[curr                                             entPlayer][p+1];
(gdb) s
765                         for (; p < state->handCount[currentPlayer]; p++) {
(gdb) s
766                             state->hand[currentPlayer][p] = state->hand[curr                                             entPlayer][p+1];
(gdb) s
765                         for (; p < state->handCount[currentPlayer]; p++) {
(gdb) p testG.supplyCount[estate]
No symbol "testG" in current context.
(gdb) s
766                             state->hand[currentPlayer][p] = state->hand[curr                                             entPlayer][p+1];
(gdb) s
765                         for (; p < state->handCount[currentPlayer]; p++) {
(gdb) state->supplyCount[estate]
Undefined command: "state->supplyCount".  Try "help".
(gdb) p state->supplyCount[estate]
$5 = 8
(gdb) s
766                             state->hand[currentPlayer][p] = state->hand[curr                                             entPlayer][p+1];
(gdb) s
765                         for (; p < state->handCount[currentPlayer]; p++) {
(gdb) s
766                             state->hand[currentPlayer][p] = state->hand[curr                                             entPlayer][p+1];
(gdb) s
765                         for (; p < state->handCount[currentPlayer]; p++) {
(gdb) s
768                         state->hand[currentPlayer][state->handCount[currentP                                             layer]] = -1;
(gdb) s
769                         state->handCount[currentPlayer]--;
(gdb) s
760                while(card_not_discarded) {
(gdb) s
806             return 0;
(gdb) s
808     }
(gdb) s
main () at unittest3.c:66
66          if(assertValues((numberOfBuysBefore+1),testG.numBuys))
(gdb) p testG.supplyCount[estate]
$6 = 8
(gdb) quit
A debugging session is active.

        Inferior 1 [process 15901] will be killed.

Quit anyway? (y or n) y
